  Determining projects to restore...
  All projects are up-to-date for restore.
C:\Users\sebas\OneDrive\Desktop\Code\Netspeed\WinWebSpeed\MainWindow.xaml.cs(79,32): error CS0104: 'ColorConverter' is an ambiguous reference between 'System.Drawing.ColorConverter' and 'System.Windows.Media.ColorConverter' [C:\Users\sebas\OneDrive\Desktop\Code\Netspeed\WinWebSpeed\WinWebSpeed_2xpyjd1s_wpftmp.csproj]
C:\Users\sebas\OneDrive\Desktop\Code\Netspeed\WinWebSpeed\MainWindow.xaml.cs(79,26): error CS0104: 'Color' is an ambiguous reference between 'System.Drawing.Color' and 'System.Windows.Media.Color' [C:\Users\sebas\OneDrive\Desktop\Code\Netspeed\WinWebSpeed\WinWebSpeed_2xpyjd1s_wpftmp.csproj]
C:\Users\sebas\OneDrive\Desktop\Code\Netspeed\WinWebSpeed\MainWindow.xaml.cs(80,31): error CS0104: 'ColorConverter' is an ambiguous reference between 'System.Drawing.ColorConverter' and 'System.Windows.Media.ColorConverter' [C:\Users\sebas\OneDrive\Desktop\Code\Netspeed\WinWebSpeed\WinWebSpeed_2xpyjd1s_wpftmp.csproj]
C:\Users\sebas\OneDrive\Desktop\Code\Netspeed\WinWebSpeed\MainWindow.xaml.cs(80,25): error CS0104: 'Color' is an ambiguous reference between 'System.Drawing.Color' and 'System.Windows.Media.Color' [C:\Users\sebas\OneDrive\Desktop\Code\Netspeed\WinWebSpeed\WinWebSpeed_2xpyjd1s_wpftmp.csproj]
C:\Users\sebas\OneDrive\Desktop\Code\Netspeed\WinWebSpeed\MainWindow.xaml.cs(81,33): error CS0104: 'ColorConverter' is an ambiguous reference between 'System.Drawing.ColorConverter' and 'System.Windows.Media.ColorConverter' [C:\Users\sebas\OneDrive\Desktop\Code\Netspeed\WinWebSpeed\WinWebSpeed_2xpyjd1s_wpftmp.csproj]
C:\Users\sebas\OneDrive\Desktop\Code\Netspeed\WinWebSpeed\MainWindow.xaml.cs(81,27): error CS0104: 'Color' is an ambiguous reference between 'System.Drawing.Color' and 'System.Windows.Media.Color' [C:\Users\sebas\OneDrive\Desktop\Code\Netspeed\WinWebSpeed\WinWebSpeed_2xpyjd1s_wpftmp.csproj]
C:\Users\sebas\OneDrive\Desktop\Code\Netspeed\WinWebSpeed\MainWindow.xaml.cs(92,59): error CS0104: 'ColorConverter' is an ambiguous reference between 'System.Drawing.ColorConverter' and 'System.Windows.Media.ColorConverter' [C:\Users\sebas\OneDrive\Desktop\Code\Netspeed\WinWebSpeed\WinWebSpeed_2xpyjd1s_wpftmp.csproj]
C:\Users\sebas\OneDrive\Desktop\Code\Netspeed\WinWebSpeed\MainWindow.xaml.cs(92,53): error CS0104: 'Color' is an ambiguous reference between 'System.Drawing.Color' and 'System.Windows.Media.Color' [C:\Users\sebas\OneDrive\Desktop\Code\Netspeed\WinWebSpeed\WinWebSpeed_2xpyjd1s_wpftmp.csproj]
C:\Users\sebas\OneDrive\Desktop\Code\Netspeed\WinWebSpeed\MainWindow.xaml.cs(93,59): error CS0104: 'ColorConverter' is an ambiguous reference between 'System.Drawing.ColorConverter' and 'System.Windows.Media.ColorConverter' [C:\Users\sebas\OneDrive\Desktop\Code\Netspeed\WinWebSpeed\WinWebSpeed_2xpyjd1s_wpftmp.csproj]
C:\Users\sebas\OneDrive\Desktop\Code\Netspeed\WinWebSpeed\MainWindow.xaml.cs(93,53): error CS0104: 'Color' is an ambiguous reference between 'System.Drawing.Color' and 'System.Windows.Media.Color' [C:\Users\sebas\OneDrive\Desktop\Code\Netspeed\WinWebSpeed\WinWebSpeed_2xpyjd1s_wpftmp.csproj]
C:\Users\sebas\OneDrive\Desktop\Code\Netspeed\WinWebSpeed\MainWindow.xaml.cs(122,66): warning CS8604: Possible null reference argument for parameter 'depObj' in 'IEnumerable<T> MainWindow.FindVisualChildren<T>(DependencyObject depObj)'. [C:\Users\sebas\OneDrive\Desktop\Code\Netspeed\WinWebSpeed\WinWebSpeed_2xpyjd1s_wpftmp.csproj]
C:\Users\sebas\OneDrive\Desktop\Code\Netspeed\WinWebSpeed\MainWindow.xaml.cs(317,14): warning CS8600: Converting null literal or possible null value to non-nullable type. [C:\Users\sebas\OneDrive\Desktop\Code\Netspeed\WinWebSpeed\WinWebSpeed_2xpyjd1s_wpftmp.csproj]
C:\Users\sebas\OneDrive\Desktop\Code\Netspeed\WinWebSpeed\MainWindow.xaml.cs(317,14): warning CS8602: Dereference of a possibly null reference. [C:\Users\sebas\OneDrive\Desktop\Code\Netspeed\WinWebSpeed\WinWebSpeed_2xpyjd1s_wpftmp.csproj]
C:\Users\sebas\OneDrive\Desktop\Code\Netspeed\WinWebSpeed\MainWindow.xaml.cs(330,14): warning CS8600: Converting null literal or possible null value to non-nullable type. [C:\Users\sebas\OneDrive\Desktop\Code\Netspeed\WinWebSpeed\WinWebSpeed_2xpyjd1s_wpftmp.csproj]
C:\Users\sebas\OneDrive\Desktop\Code\Netspeed\WinWebSpeed\MainWindow.xaml.cs(330,14): warning CS8602: Dereference of a possibly null reference. [C:\Users\sebas\OneDrive\Desktop\Code\Netspeed\WinWebSpeed\WinWebSpeed_2xpyjd1s_wpftmp.csproj]
C:\Users\sebas\OneDrive\Desktop\Code\Netspeed\WinWebSpeed\MainWindow.xaml.cs(357,37): warning CS8602: Dereference of a possibly null reference. [C:\Users\sebas\OneDrive\Desktop\Code\Netspeed\WinWebSpeed\WinWebSpeed_2xpyjd1s_wpftmp.csproj]
C:\Users\sebas\OneDrive\Desktop\Code\Netspeed\WinWebSpeed\MainWindow.xaml.cs(384,14): warning CS8600: Converting null literal or possible null value to non-nullable type. [C:\Users\sebas\OneDrive\Desktop\Code\Netspeed\WinWebSpeed\WinWebSpeed_2xpyjd1s_wpftmp.csproj]
C:\Users\sebas\OneDrive\Desktop\Code\Netspeed\WinWebSpeed\MainWindow.xaml.cs(384,14): warning CS8602: Dereference of a possibly null reference. [C:\Users\sebas\OneDrive\Desktop\Code\Netspeed\WinWebSpeed\WinWebSpeed_2xpyjd1s_wpftmp.csproj]

Build FAILED.

C:\Users\sebas\OneDrive\Desktop\Code\Netspeed\WinWebSpeed\MainWindow.xaml.cs(122,66): warning CS8604: Possible null reference argument for parameter 'depObj' in 'IEnumerable<T> MainWindow.FindVisualChildren<T>(DependencyObject depObj)'. [C:\Users\sebas\OneDrive\Desktop\Code\Netspeed\WinWebSpeed\WinWebSpeed_2xpyjd1s_wpftmp.csproj]
C:\Users\sebas\OneDrive\Desktop\Code\Netspeed\WinWebSpeed\MainWindow.xaml.cs(317,14): warning CS8600: Converting null literal or possible null value to non-nullable type. [C:\Users\sebas\OneDrive\Desktop\Code\Netspeed\WinWebSpeed\WinWebSpeed_2xpyjd1s_wpftmp.csproj]
C:\Users\sebas\OneDrive\Desktop\Code\Netspeed\WinWebSpeed\MainWindow.xaml.cs(317,14): warning CS8602: Dereference of a possibly null reference. [C:\Users\sebas\OneDrive\Desktop\Code\Netspeed\WinWebSpeed\WinWebSpeed_2xpyjd1s_wpftmp.csproj]
C:\Users\sebas\OneDrive\Desktop\Code\Netspeed\WinWebSpeed\MainWindow.xaml.cs(330,14): warning CS8600: Converting null literal or possible null value to non-nullable type. [C:\Users\sebas\OneDrive\Desktop\Code\Netspeed\WinWebSpeed\WinWebSpeed_2xpyjd1s_wpftmp.csproj]
C:\Users\sebas\OneDrive\Desktop\Code\Netspeed\WinWebSpeed\MainWindow.xaml.cs(330,14): warning CS8602: Dereference of a possibly null reference. [C:\Users\sebas\OneDrive\Desktop\Code\Netspeed\WinWebSpeed\WinWebSpeed_2xpyjd1s_wpftmp.csproj]
C:\Users\sebas\OneDrive\Desktop\Code\Netspeed\WinWebSpeed\MainWindow.xaml.cs(357,37): warning CS8602: Dereference of a possibly null reference. [C:\Users\sebas\OneDrive\Desktop\Code\Netspeed\WinWebSpeed\WinWebSpeed_2xpyjd1s_wpftmp.csproj]
C:\Users\sebas\OneDrive\Desktop\Code\Netspeed\WinWebSpeed\MainWindow.xaml.cs(384,14): warning CS8600: Converting null literal or possible null value to non-nullable type. [C:\Users\sebas\OneDrive\Desktop\Code\Netspeed\WinWebSpeed\WinWebSpeed_2xpyjd1s_wpftmp.csproj]
C:\Users\sebas\OneDrive\Desktop\Code\Netspeed\WinWebSpeed\MainWindow.xaml.cs(384,14): warning CS8602: Dereference of a possibly null reference. [C:\Users\sebas\OneDrive\Desktop\Code\Netspeed\WinWebSpeed\WinWebSpeed_2xpyjd1s_wpftmp.csproj]
C:\Users\sebas\OneDrive\Desktop\Code\Netspeed\WinWebSpeed\MainWindow.xaml.cs(79,32): error CS0104: 'ColorConverter' is an ambiguous reference between 'System.Drawing.ColorConverter' and 'System.Windows.Media.ColorConverter' [C:\Users\sebas\OneDrive\Desktop\Code\Netspeed\WinWebSpeed\WinWebSpeed_2xpyjd1s_wpftmp.csproj]
C:\Users\sebas\OneDrive\Desktop\Code\Netspeed\WinWebSpeed\MainWindow.xaml.cs(79,26): error CS0104: 'Color' is an ambiguous reference between 'System.Drawing.Color' and 'System.Windows.Media.Color' [C:\Users\sebas\OneDrive\Desktop\Code\Netspeed\WinWebSpeed\WinWebSpeed_2xpyjd1s_wpftmp.csproj]
C:\Users\sebas\OneDrive\Desktop\Code\Netspeed\WinWebSpeed\MainWindow.xaml.cs(80,31): error CS0104: 'ColorConverter' is an ambiguous reference between 'System.Drawing.ColorConverter' and 'System.Windows.Media.ColorConverter' [C:\Users\sebas\OneDrive\Desktop\Code\Netspeed\WinWebSpeed\WinWebSpeed_2xpyjd1s_wpftmp.csproj]
C:\Users\sebas\OneDrive\Desktop\Code\Netspeed\WinWebSpeed\MainWindow.xaml.cs(80,25): error CS0104: 'Color' is an ambiguous reference between 'System.Drawing.Color' and 'System.Windows.Media.Color' [C:\Users\sebas\OneDrive\Desktop\Code\Netspeed\WinWebSpeed\WinWebSpeed_2xpyjd1s_wpftmp.csproj]
C:\Users\sebas\OneDrive\Desktop\Code\Netspeed\WinWebSpeed\MainWindow.xaml.cs(81,33): error CS0104: 'ColorConverter' is an ambiguous reference between 'System.Drawing.ColorConverter' and 'System.Windows.Media.ColorConverter' [C:\Users\sebas\OneDrive\Desktop\Code\Netspeed\WinWebSpeed\WinWebSpeed_2xpyjd1s_wpftmp.csproj]
C:\Users\sebas\OneDrive\Desktop\Code\Netspeed\WinWebSpeed\MainWindow.xaml.cs(81,27): error CS0104: 'Color' is an ambiguous reference between 'System.Drawing.Color' and 'System.Windows.Media.Color' [C:\Users\sebas\OneDrive\Desktop\Code\Netspeed\WinWebSpeed\WinWebSpeed_2xpyjd1s_wpftmp.csproj]
C:\Users\sebas\OneDrive\Desktop\Code\Netspeed\WinWebSpeed\MainWindow.xaml.cs(92,59): error CS0104: 'ColorConverter' is an ambiguous reference between 'System.Drawing.ColorConverter' and 'System.Windows.Media.ColorConverter' [C:\Users\sebas\OneDrive\Desktop\Code\Netspeed\WinWebSpeed\WinWebSpeed_2xpyjd1s_wpftmp.csproj]
C:\Users\sebas\OneDrive\Desktop\Code\Netspeed\WinWebSpeed\MainWindow.xaml.cs(92,53): error CS0104: 'Color' is an ambiguous reference between 'System.Drawing.Color' and 'System.Windows.Media.Color' [C:\Users\sebas\OneDrive\Desktop\Code\Netspeed\WinWebSpeed\WinWebSpeed_2xpyjd1s_wpftmp.csproj]
C:\Users\sebas\OneDrive\Desktop\Code\Netspeed\WinWebSpeed\MainWindow.xaml.cs(93,59): error CS0104: 'ColorConverter' is an ambiguous reference between 'System.Drawing.ColorConverter' and 'System.Windows.Media.ColorConverter' [C:\Users\sebas\OneDrive\Desktop\Code\Netspeed\WinWebSpeed\WinWebSpeed_2xpyjd1s_wpftmp.csproj]
C:\Users\sebas\OneDrive\Desktop\Code\Netspeed\WinWebSpeed\MainWindow.xaml.cs(93,53): error CS0104: 'Color' is an ambiguous reference between 'System.Drawing.Color' and 'System.Windows.Media.Color' [C:\Users\sebas\OneDrive\Desktop\Code\Netspeed\WinWebSpeed\WinWebSpeed_2xpyjd1s_wpftmp.csproj]
    8 Warning(s)
    10 Error(s)

Time Elapsed 00:00:02.26
